0:	 0:		  0:	wmo_2_v3.tab
0:	 0:		 -1:	wmo_2_v3.tab
0:	-1:		 -1:	wmo_2_v3.tab
7:  12:		130:	nceptab_12_130.tab
7:	14:		  2:	mdl_14_v2.tab
7: 138:		130:	nceptab_138_130.tab
7:	-1:		  0:	nceptab_2.tab
7:	-1:		  1:	nceptab_1.tab
7:	-1:		  2:	nceptab_2.tab
7:	-1:		  3:	nceptab_3.tab
7:	-1:		129:	nceptab_129.tab
7:	-1:		130:	nceptab_130.tab
7:	-1:		131:	nceptab_131.tab
7:	-1:		132:	ncep_reanal_132.tab
7:	-1:		140:	nceptab_140.tab
7:	-1:		 -1:	nceptab_3.tab
8:	14:		  2:	mdl_14_v2.tab
8:	-1:		  0:	nceptab_1.tab
8:	-1:		  1:	nceptab_1.tab
8:	-1:		  2:	nceptab_2.tab
8:	-1:		  3:	nceptab_3.tab
8:	-1:		129:	nceptab_129.tab
8:	-1:		130:	nceptab_130.tab
8:	-1:		131:	nceptab_131.tab
8:	-1:		140:	nceptab_140.tab
8:	-1:		 -1:	nceptab_3.tab
9:	14:		  2:	mdl_14_v2.tab
9:	-1:		  0:	nceptab_1.tab
9:	-1:		  1:	nceptab_1.tab
9:	-1:		  2:	nceptab_2.tab
9:	-1:		  3:	nceptab_3.tab
9:	-1:		129:	nceptab_129.tab
9:	-1:		130:	nceptab_130.tab
9:	-1:		131:	nceptab_131.tab
9:	-1:		140:	nceptab_140.tab
9:	-1:		 -1:	nceptab_3.tab
28: -1:     2:  imd_2.tab
32:  0:    -1:  beijing_v3.tab
34:  0:     3:  jma_0_v3.tab
34:  0:    -1:  jma_0_v3.tab
35:  0:     3:  jma_0_v3.tab
35:  0:    -1:  jma_0_v3.tab
38:  0:     0:  beijing_v0.tab
38:  0:     2:  beijing_v2.tab
46:	 0:		128:    inpe_0_128.tab
46:	-1:		 -1:    inpe_0_128.tab
52:	 0:		  2:	nceptab_2.tab
52:	-1:		  2:	nceptab_2.tab
52:	-1:		 -1:	nceptab_2.tab
54:	 0:		  2:	cmcgem_2.tab
54:	-1:		 -1:	wmo_2_v3.tab
57:	-1:		  2:	afwa.tab
57:	-1:		  3:	afwa.tab
57:	-1:		128:	af_128.tab
57:	-1:		129:	af_129.tab
57:	-1:		130:	afwa.tab
57:	-1:		131:	afwa.tab
57:	-1:		 -1:	afwa.tab
58:	 0:		  2:	fnmoc_2.tab
58:	 0:		  3:	fnmoc_3.tab
58: 42:     2:  af_2.tab
58:	-1:		 -1:	wmo_2_v3.tab
59:	 0:		  0:	fsl_0_0.tab
59:	 2:		  0:	fsl_2_0.tab
59:	 0:		  2:	fsl_2_0.tab
59:	 0:		129:	nceptab_129.tab
59:	-1:		 -1:	wmo_2_v3.tab
60:	 0:		  2:	ncar_0_200.tab
60:	 0:		129:	ncar_0_200.tab
60:	255:    2:	ncar_0_200.tab
60:	 1:		  2:	ncar_1_2.tab
60:	-1:		 -1:	wmo_2_v3.tab
69: -1:   133:  newzealand_133.tab
69: -1:    -1:  newzealand_133.tab
74:  0:     2:  nceptab_2.tab
74:  0:   174:  ukmet_2_v174.tab
74:  0:   175:  ukmet_2_v175.tab
74:  2:   130:  ukmet_2_v175.tab
74:  2:    -1:  ukmet_2_v175.tab
74:	-1:		 -1:	wmo_2_v3.tab
78:	-1:		  2:	nceptab_2.tab
78:	-1:		201:	dwd_v201.tab
78:	-1:		202:	dwd_v202.tab
78:	-1:		 -1:	wmo_2_v3.tab
80:  0:   201:  rome_2_v201.tab
80:	-1:		 -1:	wmo_2_v3.tab
85:	-1:		  1:	meteofrance_1.tab
85:	-1:		  2:	meteofrance_2.tab
85:	-1:		  3:	fws_2_v3.tab
85:	-1:		128:	fws_2_v128.tab
85:	-1:		 -1:	meteofrance_2.tab
88:	 0:		  2:	nceptab_2.tab
88:	-1:		  2:	nceptab_2.tab
88:	 0:		  3:	nceptab_3.tab
88:	-1:		  3:	nceptab_3.tab
88:	 0:		128:	ecmwf_128.tab
88:	-1:		128:	ecmwf_128.tab
96:	 0:		  1:	nceptab_3.tab
96:	 0:		 -1:	nceptab_3.tab
98:	-1:		  1:	nc72_ecmwf_3.tab
98:	-1:		  2:	nc72_ecmwf_3.tab
98:	-1:		  3:	nc72_ecmwf_3.tab
98:	-1:		128:	ecmwf_2_v128.tab
98:	-1:		129:	ecmwf_2_v129.tab
98:	-1:		130:	ecmwf_2_v130.tab
98:	-1:		131:	ecmwf_2_v131.tab
98:	-1:		132:	ecmwf_2_v132.tab
98:	-1:		140:	ecmwf_2_v140.tab
98:	-1:		150:	ecmwf_2_v150.tab
98:	-1:		151:	ecmwf_2_v151.tab
98:	-1:		160:	ecmwf_2_v160.tab
98:	-1:		162:	ecmwf_2_v162.tab
98:	-1:		170:	ecmwf_2_v170.tab
98:	-1:		171:	ecmwf_2_v171.tab
98:	-1:		172:	ecmwf_2_v172.tab
98:	-1:		173:	ecmwf_2_v173.tab
98:	-1:		174:	ecmwf_2_v174.tab
98:	-1:		175:	ecmwf_2_v175.tab
98:	-1:		180:	ecmwf_2_v180.tab
98:	-1:		190:	ecmwf_2_v190.tab
98:	-1:		200:	ecmwf_2_v200.tab
98:	-1:		201:	ecmwf_2_v201.tab
98:	-1:		210:	ecmwf_2_v210.tab
98:	-1:		211:	ecmwf_2_v211.tab
98:	-1:		220:	ecmwf_2_v220.tab
98:	-1:		230:	ecmwf_2_v230.tab
98:	-1:		 -1:	wmo_2_v3.ecmwf.tab
99:  0:     1:  knmi_99_1.tab
99:  0:   128:  knmi_99_128.tab
99: -1:    -1:  knmi_99_1.tab
100:  2:	128:	nceptab_2_128.tab
100: -1:	128:	nceptab_2_128.tab
131: 0:		  2:	wwiiitab.tab
131:-1:		 -1:	wmo_2_v3.tab
158: 0:     2: 	fnmoc_2.tab
158:-1:		 -1:	wmo_2_v3.tab
161: 1:		  3:	nceptab_3.tab
161:-1:		  -1:	nceptab_3.tab
221: 221: 	   1: 	zagreb_221_1.tab
250: 2: 	200: 	wrf_2_200.tab
250:-1:		 -1:	wmo_2_v3.tab
-1:-1:		  1:	wmo_2_v1.tab
-1:-1:		  2:	wmo_2_v2.tab
-1:-1:		  3:	wmo_2_v3.tab
